
Setting environment for using XAMPP for Windows.
lenovo@LAPTOP-KC65Q3KQ c:\xampp
# mysql -u root -p
Enter password:
Welcome to the MariaDB monitor.  Commands end with ; or \g.
Your MariaDB connection id is 45
Server version: 10.4.28-MariaDB mariadb.org binary distribution

Copyright (c) 2000, 2018, Oracle, MariaDB Corporation Ab and others.

Type 'help;' or '\h' for help. Type '\c' to clear the current input statement.

MariaDB [(none)]> use dbpos;
Database changed
MariaDB [dbpos]> select
    -> case
    -> whene jenis_id = 1 then 'Elektronik'
    -> whene jenis_id = 2 then 'Furniture'
    -> whene jenis_id = 3 then 'Makanan'
    -> whene jenis_id = 3 then 'Makanan';
ERROR 1064 (42000): You have an error in your SQL syntax; check the manual that corresponds to your MariaDB server version for the right syntax to use near 'jenis_id = 1 then 'Elektronik'
whene jenis_id = 2 then 'Furniture'
whene jeni...' at line 3
MariaDB [dbpos]> select case
    -> when jenis_id = 1 then 'Elektronik'
    ->  when jenis_id = 1 then 'Furniture'
    -> when jenis_id = 1 then 'Elektronik'
    -> when jenis_id = 2 then 'Furniture'
    -> when jenis_id = 3 then 'Makanan'
    -> when jenis_id = 4 then 'Minuman'
    -> else 'Komputer'
    -> end as kategori, sum(stok) as jml from produk group by jenis_produk_id;
ERROR 1054 (42S22): Unknown column 'jenis_id' in 'field list'
MariaDB [dbpos]> select case
    -> when jenis_produk_id = 1 then 'Elektronik'
    -> when jenis_produk_id = 2 then 'Furniture'
    -> when jenis_produk_id = 3 then 'Makanan'
    -> when jenis_produk_id = 4 then 'Minuman'
    -> else 'Komputer'
    -> end as kategori, sum(stok) as jml from produk group by jenis_produk_id;
+------------+------+
| kategori   | jml  |
+------------+------+
| Elektronik |   16 |
| Furniture  |    6 |
| Makanan    |   22 |
| Minuman    |    9 |
| Komputer   |    4 |
+------------+------+
5 rows in set (0.001 sec)

MariaDB [dbpos]> select * from produk
    -> ;
+----+------+-------------------+------------+------------+------+----------+-----------------+
| id | kode | nama              | harga_beli | harga_jual | stok | min_stok | jenis_produk_id |
+----+------+-------------------+------------+------------+------+----------+-----------------+
|  1 | TV01 | Televisi 21 Inchi |    3500000 |    5040000 |    5 |        2 |               1 |
|  2 | TV02 | Televisi 40 Inchi |    7000000 |    9600000 |    5 |        2 |               1 |
|  3 | K001 | Kulkas 2 Pintu    |    3500000 |    4600000 |    6 |        1 |               1 |
|  4 | TK01 | Teh Kotak         |       3000 |       3500 |    6 |       10 |               4 |
|  5 | M001 | Meja Makan        |    5000000 |    6000000 |    4 |        3 |               2 |
|  6 | S002 | Susu Bubuk        |     150000 |     160000 |    3 |        6 |               4 |
|  7 | KR01 | Kripik Kentang    |      50000 |      55000 |   12 |        2 |               3 |
|  8 | C002 | Chiki Jagung      |       7000 |       7500 |   10 |        2 |               3 |
|  9 | L001 | Laptop Asus       |    7000000 |    8000000 |    4 |        6 |               5 |
| 10 | L002 | Lemari            |     500000 |     620000 |    2 |        2 |               2 |
+----+------+-------------------+------------+------------+------+----------+-----------------+
10 rows in set (0.000 sec)

MariaDB [dbpos]> select jenis_produk_id, sum(harga
    -> _beli) as Total_hargabeli group by jenis_produk_id;
ERROR 1064 (42000): You have an error in your SQL syntax; check the manual that corresponds to your MariaDB server version for the right syntax to use near '_beli) as Total_hargabeli group by jenis_produk_id' at line 2
MariaDB [dbpos]> select jenis_produk_id, sum(harga_beli) as Total_HargaBeli from produk group by jenis_produk_id;
+-----------------+-----------------+
| jenis_produk_id | Total_HargaBeli |
+-----------------+-----------------+
|               1 |        14000000 |
|               2 |         5500000 |
|               3 |           57000 |
|               4 |          153000 |
|               5 |         7000000 |
+-----------------+-----------------+
5 rows in set (0.001 sec)

MariaDB [dbpos]> select jenis_produk_id, sum(harga_jual) as Total_HargaBeli from produk group by jenis_produk_id;
+-----------------+-----------------+
| jenis_produk_id | Total_HargaBeli |
+-----------------+-----------------+
|               1 |        19240000 |
|               2 |         6620000 |
|               3 |           62500 |
|               4 |          163500 |
|               5 |         8000000 |
+-----------------+-----------------+
5 rows in set (0.000 sec)

MariaDB [dbpos]> select stok, count(stok0 as Jmh_stok from produk gruop by stok having count(stok) <3 ;
ERROR 1064 (42000): You have an error in your SQL syntax; check the manual that corresponds to your MariaDB server version for the right syntax to use near 'as Jmh_stok from produk gruop by stok having count(stok) <3' at line 1
MariaDB [dbpos]> select stok, count(stok) as Jmh_stok from produk gruop by stok having count(stok) < 3 ;
ERROR 1064 (42000): You have an error in your SQL syntax; check the manual that corresponds to your MariaDB server version for the right syntax to use near 'by stok having count(stok) < 3' at line 1
MariaDB [dbpos]> select stok, count(stok) as Jmh_stok from produk group by stok having count(stok) < 3 ;
+------+----------+
| stok | Jmh_stok |
+------+----------+
|    2 |        1 |
|    3 |        1 |
|    4 |        2 |
|    5 |        2 |
|    6 |        2 |
|   10 |        1 |
|   12 |        1 |
+------+----------+
7 rows in set (0.001 sec)

MariaDB [dbpos]> select jenis_produk_id, count(jenis_produk_id) as (jumlah_produk_id) from produk group by jenis_produk_id having count(jenis_produk_id) > 3;
ERROR 1064 (42000): You have an error in your SQL syntax; check the manual that corresponds to your MariaDB server version for the right syntax to use near '(jumlah_produk_id) from produk group by jenis_produk_id having count(jenis_pr...' at line 1
MariaDB [dbpos]> select jenis_produk_id, count(jenis_produk_id) as (jumlah_jenis_produk) from produk group by jenis_produk_id having count(jenis_produk_id) > 3;
ERROR 1064 (42000): You have an error in your SQL syntax; check the manual that corresponds to your MariaDB server version for the right syntax to use near '(jumlah_jenis_produk) from produk group by jenis_produk_id having count(jenis...' at line 1
MariaDB [dbpos]> select jenis_produk_id, count(jenis_produk_id) as jumlah_jenis_produk from produk group by jenis_produk_id having count(jenis_produk_id) > 3;
Empty set (0.000 sec)

MariaDB [dbpos]> select jenis_produk_id, count(jenis_produk_id) as jumlah_jenis_produk from produk group by jenis_produk_id having count(jenis_produk_id) < 3;
+-----------------+---------------------+
| jenis_produk_id | jumlah_jenis_produk |
+-----------------+---------------------+
|               2 |                   2 |
|               3 |                   2 |
|               4 |                   2 |
|               5 |                   1 |
+-----------------+---------------------+
4 rows in set (0.000 sec)

MariaDB [dbpos]> select jenis_produk_id, count(jenis_produk_id) as jumlah_jenis_produk from produk group by jenis_produk_id having count(jenis_produk_id) < 2;
+-----------------+---------------------+
| jenis_produk_id | jumlah_jenis_produk |
+-----------------+---------------------+
|               5 |                   1 |
+-----------------+---------------------+
1 row in set (0.001 sec)

MariaDB [dbpos]> select * from pelanggan where year(tgl_lahir) between 1999 and 2009;
+----+------+----------------+------+------------+------------+-----------------+----------+
| id | kode | nama           | jk   | tmp_lahir  | tgl_lahir  | email           | kartu_id |
+----+------+----------------+------+------------+------------+-----------------+----------+
|  6 | C005 | Ayu Melati     | P    | Jakarta    | 1999-04-15 | ayu@gmail.com   |        0 |
|  7 | C006 | Rafki galang   | L    | Bandung    | 2002-05-09 | rafki@gmail.com |        0 |
|  9 | C008 | Ginanti Rihani | P    | Balikpapan | 2008-04-08 | gina@gmail.com  |        0 |
| 10 | C009 | Cut Laras      | P    | Aceh       | 2002-04-06 | laras@gmail.com |        0 |
| 12 | C10  | Agus Wijayo    | L    | Makasar    | 2000-08-19 | agus@gmail.com  |        0 |
+----+------+----------------+------+------------+------------+-----------------+----------+
5 rows in set (0.001 sec)

MariaDB [dbpos]> select * from pelanggan where year(tgl_lahir) between 1999 and 2010;
+----+------+----------------+------+------------+------------+------------------+----------+
| id | kode | nama           | jk   | tmp_lahir  | tgl_lahir  | email            | kartu_id |
+----+------+----------------+------+------------+------------+------------------+----------+
|  1 | C001 | Agung Sadayu   | L    | Solo       | 2010-01-01 | sadayu@gmail.com |        0 |
|  6 | C005 | Ayu Melati     | P    | Jakarta    | 1999-04-15 | ayu@gmail.com    |        0 |
|  7 | C006 | Rafki galang   | L    | Bandung    | 2002-05-09 | rafki@gmail.com  |        0 |
|  9 | C008 | Ginanti Rihani | P    | Balikpapan | 2008-04-08 | gina@gmail.com   |        0 |
| 10 | C009 | Cut Laras      | P    | Aceh       | 2002-04-06 | laras@gmail.com  |        0 |
| 12 | C10  | Agus Wijayo    | L    | Makasar    | 2000-08-19 | agus@gmail.com   |        0 |
+----+------+----------------+------+------------+------------+------------------+----------+
6 rows in set (0.000 sec)

MariaDB [dbpos]> select * from pelanggan where year(tgl_lahir) = 2010;
+----+------+--------------+------+-----------+------------+------------------+----------+
| id | kode | nama         | jk   | tmp_lahir | tgl_lahir  | email            | kartu_id |
+----+------+--------------+------+-----------+------------+------------------+----------+
|  1 | C001 | Agung Sadayu | L    | Solo      | 2010-01-01 | sadayu@gmail.com |        0 |
+----+------+--------------+------+-----------+------------+------------------+----------+
1 row in set (0.000 sec)

MariaDB [dbpos]> select * from pelanggan where mount(tgl_lahir) = 01;
ERROR 1305 (42000): FUNCTION dbpos.mount does not exist
MariaDB [dbpos]> select * from pelanggan where month(tgl_lahir) = 01;
+----+------+---------------+------+------------+------------+--------------------+----------+
| id | kode | nama          | jk   | tmp_lahir  | tgl_lahir  | email              | kartu_id |
+----+------+---------------+------+------------+------------+--------------------+----------+
|  1 | C001 | Agung Sadayu  | L    | Solo       | 2010-01-01 | sadayu@gmail.com   |        0 |
|  4 | C004 | Swandaru Geni | L    | Kediri     | 1981-01-04 | sawandaru@gmai.com |        0 |
|  5 | C002 | Pandan Wangi  | P    | Yogyakarta | 1950-01-01 | wangi@gmail.com    |        0 |
+----+------+---------------+------+------------+------------+--------------------+----------+
3 rows in set (0.001 sec)

MariaDB [dbpos]> select * from pelanggan where month(tgl_lahir) = 08;
+----+------+-------------+------+-----------+------------+----------------+----------+
| id | kode | nama        | jk   | tmp_lahir | tgl_lahir  | email          | kartu_id |
+----+------+-------------+------+-----------+------------+----------------+----------+
| 12 | C10  | Agus Wijayo | L    | Makasar   | 2000-08-19 | agus@gmail.com |        0 |
+----+------+-------------+------+-----------+------------+----------------+----------+
1 row in set (0.000 sec)

MariaDB [dbpos]> select * from pelanggan where month(tgl_lahir) = 07;
Empty set (0.000 sec)

MariaDB [dbpos]> select nama, tmp_lahir, tgl_lahir (year(now()) - year(tgl_lahir) as umur from pelanggan;
ERROR 1064 (42000): You have an error in your SQL syntax; check the manual that corresponds to your MariaDB server version for the right syntax to use near 'from pelanggan' at line 1
MariaDB [dbpos]> select nama, tmp_lahir, tgl_lahir (year(now()) - year(tgl_lahir)) as umur from pelanggan;
ERROR 1305 (42000): FUNCTION dbpos.tgl_lahir does not exist
MariaDB [dbpos]> select nama, tmp_lahir, tgl_lahir, (year(now()) - year(tgl_lahir)) as umur from pelanggan;
+----------------+------------+------------+------+
| nama           | tmp_lahir  | tgl_lahir  | umur |
+----------------+------------+------------+------+
| Agung Sadayu   | Solo       | 2010-01-01 |   13 |
| Sekar          | Kediri     | 1993-02-02 |   30 |
| Swandaru Geni  | Kediri     | 1981-01-04 |   42 |
| Pandan Wangi   | Yogyakarta | 1950-01-01 |   73 |
| Ayu Melati     | Jakarta    | 1999-04-15 |   24 |
| Rafki galang   | Bandung    | 2002-05-09 |   21 |
| Budi Budi      | Bali       | 1987-06-08 |   36 |
| Ginanti Rihani | Balikpapan | 2008-04-08 |   15 |
| Cut Laras      | Aceh       | 2002-04-06 |   21 |
| Agus Wijayo    | Makasar    | 2000-08-19 |   23 |
+----------------+------------+------------+------+
10 rows in set (0.000 sec)

MariaDB [dbpos]> select nama, tmp_lahir, tgl_lahir, (year(now()) - year(tgl_lahir) as umur from pelanggan;
ERROR 1064 (42000): You have an error in your SQL syntax; check the manual that corresponds to your MariaDB server version for the right syntax to use near 'as umur from pelanggan' at line 1
MariaDB [dbpos]> select nama, tmp_lahir, tgl_lahir, (year(now()) - year(tgl_lahir)) as umur from pelanggan;
+----------------+------------+------------+------+
| nama           | tmp_lahir  | tgl_lahir  | umur |
+----------------+------------+------------+------+
| Agung Sadayu   | Solo       | 2010-01-01 |   13 |
| Sekar          | Kediri     | 1993-02-02 |   30 |
| Swandaru Geni  | Kediri     | 1981-01-04 |   42 |
| Pandan Wangi   | Yogyakarta | 1950-01-01 |   73 |
| Ayu Melati     | Jakarta    | 1999-04-15 |   24 |
| Rafki galang   | Bandung    | 2002-05-09 |   21 |
| Budi Budi      | Bali       | 1987-06-08 |   36 |
| Ginanti Rihani | Balikpapan | 2008-04-08 |   15 |
| Cut Laras      | Aceh       | 2002-04-06 |   21 |
| Agus Wijayo    | Makasar    | 2000-08-19 |   23 |
+----------------+------------+------------+------+
10 rows in set (0.000 sec)

MariaDB [dbpos]> SELECT jenis_produk_id, SUM(stok) as total_stok
    -> FROM produk
    -> GROUP BY jenis_produk_id
    -> HAVING total_stok > 10;
+-----------------+------------+
| jenis_produk_id | total_stok |
+-----------------+------------+
|               1 |         16 |
|               3 |         22 |
+-----------------+------------+
2 rows in set (0.001 sec)

MariaDB [dbpos]> select count(*) as jumlah_pelanggan from pelanggan where year(tgl_lahir) = 1998;
+------------------+
| jumlah_pelanggan |
+------------------+
|                0 |
+------------------+
1 row in set (0.001 sec)

MariaDB [dbpos]> select count(*) as jumlah_pelanggan from pelanggan where year(tgl_lahir) = 1999;
+------------------+
| jumlah_pelanggan |
+------------------+
|                1 |
+------------------+
1 row in set (0.000 sec)

MariaDB [dbpos]> select count(*) as jumlah_pelanggan from pelanggan where year(tgl_lahir) = 1981;
+------------------+
| jumlah_pelanggan |
+------------------+
|                2 |
+------------------+
1 row in set (0.000 sec)

MariaDB [dbpos]> select count(tg_lagir) as jumlah_pelanggan from pelanggan where year(tgl_lahir) = 1981;
ERROR 1054 (42S22): Unknown column 'tg_lagir' in 'field list'
MariaDB [dbpos]> select count(*) as jumlah_pelanggan from pelanggan where year(tgl_lahir) = 1981;
+------------------+
| jumlah_pelanggan |
+------------------+
|                2 |
+------------------+
1 row in set (0.000 sec)

MariaDB [dbpos]> select count(tgl_lahir) from pelanggan;
+------------------+
| count(tgl_lahir) |
+------------------+
|               11 |
+------------------+
1 row in set (0.000 sec)

MariaDB [dbpos]> select count(tgl_lahir) from  pelanggan where year(tgl_lahir) = 1981;
+------------------+
| count(tgl_lahir) |
+------------------+
|                2 |
+------------------+
1 row in set (0.001 sec)

MariaDB [dbpos]> select count(tgl_lahir) from  pelanggan where month(tgl_lahir) = 01;
+------------------+
| count(tgl_lahir) |
+------------------+
|                3 |
+------------------+
1 row in set (0.000 sec)

MariaDB [dbpos]> select count(tgl_lahir) from  pelanggan where date(tgl_lahir) = 08;
+------------------+
| count(tgl_lahir) |
+------------------+
|                0 |
+------------------+
1 row in set, 1 warning (0.000 sec)

MariaDB [dbpos]> select count(tgl_lahir) from  pelanggan where day(tgl_lahir) = 08;
+------------------+
| count(tgl_lahir) |
+------------------+
|                2 |
+------------------+
1 row in set (0.001 sec)

MariaDB [dbpos]> select count(tgl_lahir)  as jumlah_pengunjung from  pelanggan where day(tgl_lahir) = 08;
+-------------------+
| jumlah_pengunjung |
+-------------------+
|                 2 |
+-------------------+
1 row in set (0.001 sec)

MariaDB [dbpos]> select count(tmp_lahir)  as jumlah_pengunjung from  pelanggan where like 'Jakarta%';
ERROR 1064 (42000): You have an error in your SQL syntax; check the manual that corresponds to your MariaDB server version for the right syntax to use near 'like 'Jakarta%'' at line 1
MariaDB [dbpos]> select count(tmp_lahir)  as jumlah_pengunjung from  pelanggan where tmp_lahir = jakarta;
ERROR 1054 (42S22): Unknown column 'jakarta' in 'where clause'
MariaDB [dbpos]> select count(jk)  as jumlah_pengunjung from  pelanggan where tmp_lahir = jakarta;
ERROR 1054 (42S22): Unknown column 'jakarta' in 'where clause'
MariaDB [dbpos]> select count(jk)  as jumlah_pengunjung from  pelanggan where tmp_lahir = 'jakarta';
+-------------------+
| jumlah_pengunjung |
+-------------------+
|                 1 |
+-------------------+
1 row in set (0.000 sec)

MariaDB [dbpos]> selecr * from pelanggan;
ERROR 1064 (42000): You have an error in your SQL syntax; check the manual that corresponds to your MariaDB server version for the right syntax to use near 'selecr * from pelanggan' at line 1
MariaDB [dbpos]> select * from pelanggan;
+----+------+----------------+------+------------+------------+--------------------+----------+
| id | kode | nama           | jk   | tmp_lahir  | tgl_lahir  | email              | kartu_id |
+----+------+----------------+------+------------+------------+--------------------+----------+
|  1 | C001 | Agung Sadayu   | L    | Solo       | 2010-01-01 | sadayu@gmail.com   |        0 |
|  3 | C003 | Sekar          | P    | Kediri     | 1993-02-02 | sekar@gmail.com    |        0 |
|  4 | C004 | Swandaru Geni  | L    | Kediri     | 1981-01-04 | sawandaru@gmai.com |        0 |
|  5 | C002 | Pandan Wangi   | P    | Yogyakarta | 1950-01-01 | wangi@gmail.com    |        0 |
|  6 | C005 | Ayu Melati     | P    | Jakarta    | 1999-04-15 | ayu@gmail.com      |        0 |
|  7 | C006 | Rafki galang   | L    | Bandung    | 2002-05-09 | rafki@gmail.com    |        0 |
|  8 | C007 | Budi Budi      | L    | Bali       | 1987-06-08 | budiaja@gmail.com  |        0 |
|  9 | C008 | Ginanti Rihani | P    | Balikpapan | 2008-04-08 | gina@gmail.com     |        0 |
| 10 | C009 | Cut Laras      | P    | Aceh       | 2002-04-06 | laras@gmail.com    |        0 |
| 12 | C10  | Agus Wijayo    | L    | Makasar    | 2000-08-19 | agus@gmail.com     |        0 |
| 13 | C011 | ami mimi       | P    | Palu       | 1981-07-18 | ami@gmai.com       |        3 |
+----+------+----------------+------+------------+------------+--------------------+----------+
11 rows in set (0.000 sec)

MariaDB [dbpos]> select count(jk)  as jumlah_pengunjung from  pelanggan where jk = 'P' and tmp_lahir = 'jakarta';
+-------------------+
| jumlah_pengunjung |
+-------------------+
|                 1 |
+-------------------+
1 row in set (0.001 sec)

MariaDB [dbpos]> select count(jk)  as jumlah_pengunjung from  pelanggan where jk = 'P' and tmp_lahir = 'jakarta';
+-------------------+
| jumlah_pengunjung |
+-------------------+
|                 1 |
+-------------------+
1 row in set (0.000 sec)

MariaDB [dbpos]> select count(stok) as Total_stock from produk where harga_jual < 10000;
+-------------+
| Total_stock |
+-------------+
|           2 |
+-------------+
1 row in set (0.001 sec)

MariaDB [dbpos]> select sum(stok) as Total_stock from produk where harga_jual < 10000;
+-------------+
| Total_stock |
+-------------+
|          16 |
+-------------+
1 row in set (0.000 sec)

MariaDB [dbpos]> select * from produk
    -> ;
+----+------+-------------------+------------+------------+------+----------+-----------------+
| id | kode | nama              | harga_beli | harga_jual | stok | min_stok | jenis_produk_id |
+----+------+-------------------+------------+------------+------+----------+-----------------+
|  1 | TV01 | Televisi 21 Inchi |    3500000 |    5040000 |    5 |        2 |               1 |
|  2 | TV02 | Televisi 40 Inchi |    7000000 |    9600000 |    5 |        2 |               1 |
|  3 | K001 | Kulkas 2 Pintu    |    3500000 |    4600000 |    6 |        1 |               1 |
|  4 | TK01 | Teh Kotak         |       3000 |       3500 |    6 |       10 |               4 |
|  5 | M001 | Meja Makan        |    5000000 |    6000000 |    4 |        3 |               2 |
|  6 | S002 | Susu Bubuk        |     150000 |     160000 |    3 |        6 |               4 |
|  7 | KR01 | Kripik Kentang    |      50000 |      55000 |   12 |        2 |               3 |
|  8 | C002 | Chiki Jagung      |       7000 |       7500 |   10 |        2 |               3 |
|  9 | L001 | Laptop Asus       |    7000000 |    8000000 |    4 |        6 |               5 |
| 10 | L002 | Lemari            |     500000 |     620000 |    2 |        2 |               2 |
+----+------+-------------------+------------+------------+------+----------+-----------------+
10 rows in set (0.000 sec)

MariaDB [dbpos]> select id, nama, stok,
    -> case
    -> when stok < min_stok then 'Segera Belanja'
    -> else 'Stok Habis'
    -> end as Status_stok;
ERROR 1054 (42S22): Unknown column 'id' in 'field list'
MariaDB [dbpos]> select id, nama, stok,
    ->     -> case
    ->     -> when stok < min_stok then 'Segera Belanja'
    ->     -> else 'Stok Habis'
    ->     -> end as Status_stok
    ->
    -> ;
ERROR 1064 (42000): You have an error in your SQL syntax; check the manual that corresponds to your MariaDB server version for the right syntax to use near '> case
    -> when stok < min_stok then 'Segera Belanja'
    -> else 'Stok Ha...' at line 2
MariaDB [dbpos]> select id, nama, stok,
    ->     -> case
    ->     -> when stok < min_stok then 'Segera Belanja'
    ->     -> else 'Stok Habis'
    ->     -> end as Status_stok;
ERROR 1064 (42000): You have an error in your SQL syntax; check the manual that corresponds to your MariaDB server version for the right syntax to use near '> case
    -> when stok < min_stok then 'Segera Belanja'
    -> else 'Stok Ha...' at line 2
MariaDB [dbpos]> select id, nama, stok,
    -> when stok < min_stok then 'Segera Belanja'
    -> else 'Stok Habis'
    -> end as Status_stok;
ERROR 1064 (42000): You have an error in your SQL syntax; check the manual that corresponds to your MariaDB server version for the right syntax to use near 'when stok < min_stok then 'Segera Belanja'
else 'Stok Habis'
end as Status_stok' at line 2
MariaDB [dbpos]> select id, nama, stok,
    -> when stok < min_stok then 'Segera Belanja'
    -> else 'Stok Habis'
    -> end as Status_stok
    -> from produk;
ERROR 1064 (42000): You have an error in your SQL syntax; check the manual that corresponds to your MariaDB server version for the right syntax to use near 'when stok < min_stok then 'Segera Belanja'
else 'Stok Habis'
end as Status_st...' at line 2
MariaDB [dbpos]> select * from produk;
+----+------+-------------------+------------+------------+------+----------+-----------------+
| id | kode | nama              | harga_beli | harga_jual | stok | min_stok | jenis_produk_id |
+----+------+-------------------+------------+------------+------+----------+-----------------+
|  1 | TV01 | Televisi 21 Inchi |    3500000 |    5040000 |    5 |        2 |               1 |
|  2 | TV02 | Televisi 40 Inchi |    7000000 |    9600000 |    5 |        2 |               1 |
|  3 | K001 | Kulkas 2 Pintu    |    3500000 |    4600000 |    6 |        1 |               1 |
|  4 | TK01 | Teh Kotak         |       3000 |       3500 |    6 |       10 |               4 |
|  5 | M001 | Meja Makan        |    5000000 |    6000000 |    4 |        3 |               2 |
|  6 | S002 | Susu Bubuk        |     150000 |     160000 |    3 |        6 |               4 |
|  7 | KR01 | Kripik Kentang    |      50000 |      55000 |   12 |        2 |               3 |
|  8 | C002 | Chiki Jagung      |       7000 |       7500 |   10 |        2 |               3 |
|  9 | L001 | Laptop Asus       |    7000000 |    8000000 |    4 |        6 |               5 |
| 10 | L002 | Lemari            |     500000 |     620000 |    2 |        2 |               2 |
+----+------+-------------------+------------+------------+------+----------+-----------------+
10 rows in set (0.000 sec)

MariaDB [dbpos]> Bye

lenovo@LAPTOP-KC65Q3KQ c:\xampp
# SELECT id, nama, stok,
'SELECT' is not recognized as an internal or external command,
operable program or batch file.

lenovo@LAPTOP-KC65Q3KQ c:\xampp
#     CASE
'CASE' is not recognized as an internal or external command,
operable program or batch file.

lenovo@LAPTOP-KC65Q3KQ c:\xampp
#         WHEN stok <= min_stok THEN 'segera belanja'
The system cannot find the file specified.

lenovo@LAPTOP-KC65Q3KQ c:\xampp
#         ELSE 'stok aman'
'ELSE' is not recognized as an internal or external command,
operable program or batch file.

lenovo@LAPTOP-KC65Q3KQ c:\xampp
#     END AS status_stok
'END' is not recognized as an internal or external command,
operable program or batch file.

lenovo@LAPTOP-KC65Q3KQ c:\xampp
# FROM produk;
'FROM' is not recognized as an internal or external command,
operable program or batch file.

lenovo@LAPTOP-KC65Q3KQ c:\xampp
# mysql -u root -p
Enter password:
Welcome to the MariaDB monitor.  Commands end with ; or \g.
Your MariaDB connection id is 90
Server version: 10.4.28-MariaDB mariadb.org binary distribution

Copyright (c) 2000, 2018, Oracle, MariaDB Corporation Ab and others.

Type 'help;' or '\h' for help. Type '\c' to clear the current input statement.

MariaDB [(none)]> use dbpos;
Database changed
MariaDB [dbpos]> SELECT id, nama, stok,
    ->     CASE
    ->         WHEN stok <= min_stok THEN 'segera belanja'
    ->         ELSE 'stok aman'
    ->     END AS status_stok
    -> FROM produk;
+----+-------------------+------+----------------+
| id | nama              | stok | status_stok    |
+----+-------------------+------+----------------+
|  1 | Televisi 21 Inchi |    5 | stok aman      |
|  2 | Televisi 40 Inchi |    5 | stok aman      |
|  3 | Kulkas 2 Pintu    |    6 | stok aman      |
|  4 | Teh Kotak         |    6 | segera belanja |
|  5 | Meja Makan        |    4 | stok aman      |
|  6 | Susu Bubuk        |    3 | segera belanja |
|  7 | Kripik Kentang    |   12 | stok aman      |
|  8 | Chiki Jagung      |   10 | stok aman      |
|  9 | Laptop Asus       |    4 | segera belanja |
| 10 | Lemari            |    2 | segera belanja |
+----+-------------------+------+----------------+
10 rows in set (0.001 sec)

MariaDB [dbpos]> select id, nama, stok,
    ->     -> when stok < min_stok then 'Segera Belanja'
    ->     -> else 'Stok Habis'
    ->     -> end as Status_stok
    ->     -> from produk
    -> ;
ERROR 1064 (42000): You have an error in your SQL syntax; check the manual that corresponds to your MariaDB server version for the right syntax to use near '> when stok < min_stok then 'Segera Belanja'
    -> else 'Stok Habis'
    -> ...' at line 2
MariaDB [dbpos]> select id, nama, stok,
    -> case
    -> when stok < min_stok the 'Segera Belanja'
    -> else 'Stok Aman'
    -> end as Informasi_stok from produk;
ERROR 1064 (42000): You have an error in your SQL syntax; check the manual that corresponds to your MariaDB server version for the right syntax to use near 'the 'Segera Belanja'
else 'Stok Aman'
end as Informasi_stok from produk' at line 3
MariaDB [dbpos]> select id, nama, stok,
    -> when stok <= min_stok the 'Segera Belanja'
    -> else 'Stok Aman'
    -> end as Informasi_stok from produk;
ERROR 1064 (42000): You have an error in your SQL syntax; check the manual that corresponds to your MariaDB server version for the right syntax to use near 'when stok <= min_stok the 'Segera Belanja'
else 'Stok Aman'
end as Informasi_...' at line 2
MariaDB [dbpos]> when stok < min_stok then 'Segera Belanja'
    -> ;
ERROR 1064 (42000): You have an error in your SQL syntax; check the manual that corresponds to your MariaDB server version for the right syntax to use near 'when stok < min_stok then 'Segera Belanja'' at line 1
MariaDB [dbpos]> select id, nama, stok,
    -> case
    -> when stok < min_stok then 'Segera Belanja'
    -> else 'Stok Aman'
    -> end as Informasi_stok from produk;
+----+-------------------+------+----------------+
| id | nama              | stok | Informasi_stok |
+----+-------------------+------+----------------+
|  1 | Televisi 21 Inchi |    5 | Stok Aman      |
|  2 | Televisi 40 Inchi |    5 | Stok Aman      |
|  3 | Kulkas 2 Pintu    |    6 | Stok Aman      |
|  4 | Teh Kotak         |    6 | Segera Belanja |
|  5 | Meja Makan        |    4 | Stok Aman      |
|  6 | Susu Bubuk        |    3 | Segera Belanja |
|  7 | Kripik Kentang    |   12 | Stok Aman      |
|  8 | Chiki Jagung      |   10 | Stok Aman      |
|  9 | Laptop Asus       |    4 | Segera Belanja |
| 10 | Lemari            |    2 | Stok Aman      |
+----+-------------------+------+----------------+
10 rows in set (0.000 sec)

MariaDB [dbpos]> ^ABye

lenovo@LAPTOP-KC65Q3KQ c:\xampp
#


Normalisasi 1NF dan 2NF
									
	Form Tidak Normal								
	kode_faktor	tanggal	Kode_Barang	qyt					
	KD_001	13/07/2020	BRG_001	5					
			BRG_002	8					
			BRG_003	9					
			BRG_004	3					
	KD_002	13/07/202	BRG_005	6					
			BRG_006	6					
	KD_003	14/07/202	BRG_007	3					
									
									
	1NF								
	kode_faktor	tanggal	Kode_Barang	qyt					
	KD_001	13/07/2020	BRG_001	5					
	KD_001	13/07/2020	BRG_002	8					
	KD_001	13/07/2020	BRG_003	9					
	KD_001	13/07/2020	BRG_004	3					
	KD_002	13/07/202	BRG_005	6					
	KD_002	13/07/2020	BRG_006	6					
	KD_003	14/07/202	BRG_007	3					
									
	2NF								
	Kode Transaksi					Kode Barang			
	kode_faktor	tanggal	Kode_Barang	qyt		Kode_Barang	Nama_Barang	harga	
	KD_001	13/07/2020	BRG_001	5		BRG_001	Indomie Goreng	2500	
	KD_001	13/07/2020	BRG_002	8		BRG_002	indomie Goreng Jumbo	3000	
	KD_001	13/07/2020	BRG_003	9		BRG_003	Mie Sedap Goreng	2500	
	KD_001	13/07/2020	BRG_004	3		BRG_004	Mie Sedap Soto	2300	
	KD_002	13/07/2020	BRG_005	6		BRG_005	Intermie Goreng	1500	
	KD_002	13/07/2020	BRG_006	6		BRG_006	Intermie Soto	1500	
	KD_003	14/07/2020	BRG_007	3		BRG_007	Pop Mie Ayam	4500	
									
